src/components/study-sets/CreateStudySetModal.tsx(67,26): error TS2304: Cannot find name 'useRef'.
